// Jest Snapshot v1, https://goo.gl/fbAQLP

exports[`Renders correctly for Team Component 1`] = `
<div
  className="pb-40"
>
  <div
    className="w-full h-full px-5 py-20 md:px-24 lg:pb-20 lg:px-32 xl:px-64 flex flex-col  gap-20 xl:gap-40"
  >
    <h1
      className="text-4xl font-normal 2xl:text-6xl 2xl:pt-24"
    >
      WE ARE HEALING, NICE TO MEET YOU!
    </h1>
    <p
      className="text-2xl  text-gray-800 2xl:text-4xl"
    >
      Meet the Team!
    </p>
  </div>
  <div
    className="flex flex-wrap justify-center"
  >
    <div
      className="flex flex-col m-3 w-36  xl:w-36 2xl:w-80 hover:scale-105 hover:shadow-lg rounded-3xl"
    >
      <img
        alt="Team Member"
        className="object-contain"
        src="team1.jpg"
      />
      <div
        className="bg-cyan-50 rounded-b-3xl"
      >
        <p
          className="h-20 pt-8 text-center border-t-green-400 text-lg 2xl:text-3xl"
        >
          Allan Saleh
        </p>
        <p
          className="pt-8 pb-20 text-center text-base 2xl:text-2xl"
        >
          Lead Engineer & Web Developer
        </p>
      </div>
    </div>
    <div
      className="flex flex-col m-3 w-36  xl:w-36 2xl:w-80 hover:scale-105 hover:shadow-lg rounded-3xl"
    >
      <img
        alt="Team Member"
        className="object-contain"
        src="team2.jpg"
      />
      <div
        className="bg-cyan-50 rounded-b-3xl"
      >
        <p
          className="h-20 pt-8 text-center border-t-green-400 text-lg 2xl:text-3xl"
        >
          Payam Abubakr
        </p>
        <p
          className="pt-8 pb-20 text-center text-base 2xl:text-2xl"
        >
          Junior Designer & FE Developer
        </p>
      </div>
    </div>
    <div
      className="flex flex-col m-3 w-36  xl:w-36 2xl:w-80 hover:scale-105 hover:shadow-lg rounded-3xl"
    >
      <img
        alt="Team Member"
        className="object-contain"
        src="team3.jpg"
      />
      <div
        className="bg-cyan-50 rounded-b-3xl"
      >
        <p
          className="h-20 pt-8 text-center border-t-green-400 text-lg 2xl:text-3xl"
        >
          Ahmed Mohammed
        </p>
        <p
          className="pt-8 pb-20 text-center text-base 2xl:text-2xl"
        >
          Junior Designer & FE Developer
        </p>
      </div>
    </div>
    <div
      className="flex flex-col m-3 w-36  xl:w-36 2xl:w-80 hover:scale-105 hover:shadow-lg rounded-3xl"
    >
      <img
        alt="Team Member"
        className="object-contain"
        src="team4.jpg"
      />
      <div
        className="bg-cyan-50 rounded-b-3xl"
      >
        <p
          className="h-20 pt-8 text-center border-t-green-400 text-lg 2xl:text-3xl"
        >
          Abdulmajeed Jaafer
        </p>
        <p
          className="pt-8 pb-20 text-center text-base 2xl:text-2xl"
        >
          Junior Designer & FE Developer
        </p>
      </div>
    </div>
    <div
      className="flex flex-col m-3 w-36  xl:w-36 2xl:w-80 hover:scale-105 hover:shadow-lg rounded-3xl"
    >
      <img
        alt="Team Member"
        className="object-contain"
        src="team5.jpg"
      />
      <div
        className="bg-cyan-50 rounded-b-3xl"
      >
        <p
          className="h-20 pt-8 text-center border-t-green-400 text-lg 2xl:text-3xl"
        >
          Snoor Madih
        </p>
        <p
          className="pt-8 pb-20 text-center text-base 2xl:text-2xl"
        >
          Junior Designer & FE Developer
        </p>
      </div>
    </div>
    <div
      className="flex flex-col m-3 w-36  xl:w-36 2xl:w-80 hover:scale-105 hover:shadow-lg rounded-3xl"
    >
      <img
        alt="Team Member"
        className="object-contain"
        src="team6.jpg"
      />
      <div
        className="bg-cyan-50 rounded-b-3xl"
      >
        <p
          className="h-20 pt-8 text-center border-t-green-400 text-lg 2xl:text-3xl"
        >
          Avraz Zebary
        </p>
        <p
          className="pt-8 pb-20 text-center text-base 2xl:text-2xl"
        >
          Junior Designer & FE Developer
        </p>
      </div>
    </div>
  </div>
</div>
`;
