// Jest Snapshot v1, https://goo.gl/fbAQLP

exports[`Renders correctly for ContactAddress Component 1`] = `
<div>
  <div
    className="relative mt-28 ml-15 m-10"
  >
    <img
      alt="adress"
      className="h-56 w-96 md:h-auto md:w-auto "
      src="ContactAdressImg.png"
    />
    <span
      className="absolute top-3 left-3 w-4/6 pl-5 pt-3"
    >
      <p
        className="font-medium text-xs md:text-lg text-start mb-1"
      >
        Find Us At:
      </p>
      <div
        className="text-gray-500 text-xs md:text-lg"
      >
        <p>
          Nergiz Plaza
        </p>
        <p>
          3rd Floor
        </p>
        <p>
          Bakhtiyari Street 40m
        </p>
        <p>
          Erbil, Iraq
        </p>
        <p>
          44001
        </p>
      </div>
    </span>
  </div>
</div>
`;
